<html>
<body>
<pre>
<h1>µVision Build Log</h1>
<h2>Tool Versions:</h2>
IDE-Version: µVision V5.22.0.0
Copyright (C) 2016 ARM Ltd and ARM Germany GmbH. All rights reserved.
License Information: Liam B Akkerman, Simon Fraser University, LIC=----
 
Tool Versions:
Toolchain:       MDK-Lite  Version: 5.22
Toolchain Path:  C:\Keil_v5\ARM\ARMCC\Bin
C Compiler:      Armcc.exe V5.06 update 4 (build 422)
Assembler:       Armasm.exe V5.06 update 4 (build 422)
Linker/Locator:  ArmLink.exe V5.06 update 4 (build 422)
Library Manager: ArmAr.exe V5.06 update 4 (build 422)
Hex Converter:   FromElf.exe V5.06 update 4 (build 422)
CPU DLL:         SARMCM3.DLL V5.22
Dialog DLL:      DCM.DLL V1.13.9.0
Target DLL:      STLink\ST-LINKIII-KEIL_SWO.dll V2.0.18.0
Dialog DLL:      TCM.DLL V1.21.0.0
 
<h2>Project:</h2>
F:\LiamAkkerman\Documents\GitHub\MCU-Elevator\MCU-Elavator.uvprojx
Project File Date:  11/24/2016

<h2>Output:</h2>
*** Using Compiler 'V5.06 update 4 (build 422)', folder: 'C:\Keil_v5\ARM\ARMCC\Bin'
Rebuild target 'STM32F4VGT6'
compiling test_file.c...
compiling Buttons_F4Discovery.c...
compiling elevator.c...
compiling LED_F4Discovery.c...
compiling RTX_Conf_CM.c...
compiling stm32f4xx_hal.c...
compiling stm32f4xx_hal_cortex.c...
compiling stm32f4xx_hal_dma.c...
compiling stm32f4xx_hal_gpio.c...
compiling stm32f4xx_hal_dma_ex.c...
compiling stm32f4xx_hal_pwr.c...
compiling stm32f4xx_hal_pwr_ex.c...
compiling stm32f4xx_hal_rcc_ex.c...
compiling stm32f4xx_hal_rcc.c...
assembling startup_stm32f429xx.s...
compiling system_stm32f4xx.c...
compiling stm32f4xx_hal_uart.c...
linking...
Program Size: Code=5832 RO-data=564 RW-data=60 ZI-data=4756  
".\Objects\MCU-Elavator.axf" - 0 Error(s), 0 Warning(s).

<h2>Software Packages used:</h2>

Package Vendor: ARM
                http://www.keil.com/pack/ARM.CMSIS.5.0.0.pack
                ::CMSIS:RTOS:1.0 (API)
                CMSIS (Cortex Microcontroller Software Interface Standard)
   * Component: RTOS Version: 1.0
   * Component: CORE Version: 5.0.0

Package Vendor: Keil
                http://www.keil.com/pack/Keil.MDK-Middleware.7.3.0.pack
                ::Board Support:Buttons:1.00 (API)
                Keil MDK-ARM Professional Middleware for ARM Cortex-M based devices
   * Component: Buttons Version: 1.00
   * Component: LED Version: 1.00
   * Component: Keil RTX Version: 4.81.0

Package Vendor: Keil
                http://www.keil.com/pack/Keil.STM32F4xx_DFP.2.10.0.pack
                Keil::Device:STM32Cube HAL:PWR:1.5.0
                STMicroelectronics STM32F4 Series Device Support, Drivers and Examples
   * Component: PWR Version: 1.5.0
   * Component: RCC Version: 1.5.0
   * Component: UART Version: 1.5.0
   * Component: LED Version: 2.0.0
   * Component: Buttons Version: 2.0.0
   * Component: STM32Cube Framework Version: 1.0.0
   * Component: Startup Version: 2.5.0
   * Component: DMA Version: 1.5.0
   * Component: Classic Version: 1.5.0
   * Component: Cortex Version: 1.5.0
   * Component: GPIO Version: 1.5.0
   * Component: Common Version: 1.5.0

<h2>Collection of Component include folders:</h2>
  F:\LiamAkkerman\Documents\GitHub\MCU-Elevator\RTE\Device\STM32F429VGTx
  F:\LiamAkkerman\Documents\GitHub\MCU-Elevator\RTE\_STM32F4VGT6
  C:\Keil_v5\ARM\PACK\ARM\CMSIS\5.0.0\CMSIS\Include
  C:\Keil_v5\ARM\PACK\ARM\CMSIS\5.0.0\CMSIS\RTOS\RTX\INC
  C:\Keil_v5\ARM\PACK\Keil\MDK-Middleware\7.3.0\Board
  C:\Keil_v5\ARM\PACK\Keil\STM32F4xx_DFP\2.10.0\Drivers\CMSIS\Device\ST\STM32F4xx\Include
  C:\Keil_v5\ARM\PACK\Keil\STM32F4xx_DFP\2.10.0\Drivers\STM32F4xx_HAL_Driver\Inc

<h2>Collection of Component Files used:</h2>

   * Component: ::CMSIS:RTOS:1.0 (API)

   * Component: ARM::CMSIS:CORE:5.0.0

   * Component: ::Board Support:Buttons:1.00 (API)
      Include file:  Board\Board_Buttons.h

   * Component: ::Board Support:LED:1.00 (API)
      Include file:  Board\Board_LED.h

   * Component: ARM::CMSIS:RTOS:Keil RTX:4.81.0
      Include file:  CMSIS\RTOS\RTX\INC\cmsis_os.h
      Source file:   CMSIS\RTOS\RTX\UserCodeTemplates\main.c
      Source file:   CMSIS\RTOS\RTX\UserCodeTemplates\MailQueue.c
      Source file:   CMSIS\RTOS\RTX\UserCodeTemplates\MemPool.c
      Source file:   CMSIS\RTOS\RTX\UserCodeTemplates\MsgQueue.c
      Source file:   CMSIS\RTOS\RTX\Templates\RTX_Conf_CM.c
      Include file:  CMSIS\RTOS\RTX\UserCodeTemplates\osObjects.h
      Source file:   CMSIS\RTOS\RTX\UserCodeTemplates\Thread.c
      Source file:   CMSIS\RTOS\RTX\UserCodeTemplates\Semaphore.c
      Source file:   CMSIS\RTOS\RTX\UserCodeTemplates\Timer.c
      Source file:   CMSIS\RTOS\RTX\UserCodeTemplates\Mutex.c
      Source file:   CMSIS\RTOS\RTX\SRC\ARM\SVC_Table.s
      Library file:  CMSIS\RTOS\RTX\LIB\ARM\RTX_CM4.lib

   * Component: Keil::Device:STM32Cube HAL:PWR:1.5.0
      Source file:   Drivers\STM32F4xx_HAL_Driver\Src\stm32f4xx_hal_pwr_ex.c
      Source file:   Drivers\STM32F4xx_HAL_Driver\Src\stm32f4xx_hal_pwr.c

   * Component: Keil::Device:STM32Cube HAL:RCC:1.5.0
      Source file:   Drivers\STM32F4xx_HAL_Driver\Src\stm32f4xx_hal_rcc.c
      Source file:   Drivers\STM32F4xx_HAL_Driver\Src\stm32f4xx_hal_rcc_ex.c

   * Component: Keil::Device:STM32Cube HAL:UART:1.5.0
      Source file:   Drivers\STM32F4xx_HAL_Driver\Src\stm32f4xx_hal_uart.c

   * Component: Keil.STM32F4-Discovery::Board Support:LED:2.0.0
      Source file:   MDK\Boards\ST\STM32F4-Discovery\Common\LED_F4Discovery.c

   * Component: Keil.STM32F4-Discovery::Board Support:Buttons:2.0.0
      Source file:   MDK\Boards\ST\STM32F4-Discovery\Common\Buttons_F4Discovery.c

   * Component: ::Device:STM32Cube Framework:1.0.0 (API)

   * Component: Keil::Device:Startup:2.5.0
      Source file:   MDK\Device\Source\ARM\STM32F4xx_OTP.s
      Include file:  Drivers\CMSIS\Device\ST\STM32F4xx\Include\stm32f4xx.h
      Source file:   MDK\Device\Source\ARM\STM32F42xxx_43xxx_OPT.s
      Source file:   Drivers\CMSIS\Device\ST\STM32F4xx\Source\Templates\arm\startup_stm32f429xx.s
      Source file:   Drivers\CMSIS\Device\ST\STM32F4xx\Source\Templates\system_stm32f4xx.c

   * Component: Keil::Device:STM32Cube HAL:DMA:1.5.0
      Source file:   Drivers\STM32F4xx_HAL_Driver\Src\stm32f4xx_hal_dma.c
      Source file:   Drivers\STM32F4xx_HAL_Driver\Src\stm32f4xx_hal_dma_ex.c

   * Component: Keil::Device:STM32Cube Framework:Classic:1.5.0
      Source file:   MDK\Templates\Src\stm32f4xx_it.c
      Source file:   MDK\Templates\Src\main.c
      Include file:  MDK\Templates\Inc\stm32f4xx_it.h
      Include file:  MDK\Templates\Inc\stm32f4xx_hal_conf.h
      Include file:  CMSIS\Driver\Config\RTE_Device.h
      Source file:   MDK\Templates\Src\stm32f4xx_hal_msp.c
      Include file:  MDK\Templates\Inc\main.h

   * Component: Keil::Device:STM32Cube HAL:Cortex:1.5.0
      Source file:   Drivers\STM32F4xx_HAL_Driver\Src\stm32f4xx_hal_cortex.c

   * Component: Keil::Device:STM32Cube HAL:GPIO:1.5.0
      Source file:   Drivers\STM32F4xx_HAL_Driver\Src\stm32f4xx_hal_gpio.c

   * Component: Keil::Device:STM32Cube HAL:Common:1.5.0
      Include file:  Drivers\STM32F4xx_HAL_Driver\Inc\stm32f4xx_hal.h
      Source file:   Drivers\STM32F4xx_HAL_Driver\Src\stm32f4xx_hal.c
Build Time Elapsed:  00:00:12
</pre>
</body>
</html>
